// Jest Snapshot v1, https://goo.gl/fbAQLP

exports[`<App /> render properly 1`] = `
<div
  className="App"
>
  <Switch>
    <Route
      component={[Function]}
      exact={true}
      path="/"
    />
    <Route
      component={[Function]}
      exact={true}
      path="/login"
    />
  </Switch>
</div>
`;
